// Jest Snapshot v1, https://goo.gl/fbAQLP

exports[`Pruebas en el componente Debe generarse correctamente 1`] = `
<Fragment>
  <h2>
    GifExpertApp
  </h2>
  <AddMarca
    agregarMarca={[Function]}
  />
  <hr />
  <ol />
</Fragment>
`;
