// Jest Snapshot v1, https://goo.gl/fbAQLP

exports[`Pruebas del componente GifGridItem Debe de mostrar el componente correctamente 1`] = `
<div
  className="card animate__animated animate__fadeIn"
>
  <img
    alt="Un título"
    src="https://localhost/algo.jpg"
  />
  <h4>
    Un título
  </h4>
</div>
`;
