// Jest Snapshot v1, https://goo.gl/fbAQLP

exports[`Pruebas del componente Hola debe de mostrar <Hola /> correctamente  1`] = `
<Fragment>
  <h1>
    Hola Arturo
  </h1>
  <p>
    Random
  </p>
</Fragment>
`;
